---
source: beatlocker-server/tests/deletion.rs
expression: "res.json::<serde_json::Value>().await"
---
{
  "subsonic-response": {
    "albumList": {
      "album": [
        {
          "duration": 6,
          "id": "655d3fb8-ede5-8685-2498-5544550defc5",
          "isDir": true,
          "name": "Motorway OST",
          "parent": "00000000-0000-0000-0000-000000000000",
          "songCount": 1,
          "title": "Motorway OST"
        },
        {
          "duration": 95,
          "id": "0ea0b52e-8984-b833-b0c0-8f3c7e26fe4f",
          "isDir": true,
          "name": "MotorwayNested",
          "parent": "00000000-0000-0000-0000-000000000000",
          "songCount": 1,
          "title": "MotorwayNested"
        },
        {
          "duration": 6,
          "id": "639c2b84-6754-bb31-eb16-86e7fa27dcb4",
          "isDir": true,
          "name": "Unknown",
          "parent": "00000000-0000-0000-0000-000000000000",
          "songCount": 1,
          "title": "Unknown"
        }
      ]
    },
    "serverVersion": "unknown",
    "status": "ok",
    "type": "beatlocker",
    "version": "1.16.1"
  }
}
