---
source: beatlocker-server/tests/integration.rs
assertion_line: 96
expression: res.xml_string().await
---
<subsonic-response status="ok" version="1.16.1" type="beatlocker" serverVersion="unknown">
  <albumList>
    <album id="75a22ef8-9597-4c55-9be1-097d94babc31" parent="00000000-0000-0000-0000-000000000000" isDir="true" name="Richard Bona" title="Richard Bona" songCount="2" duration="33"/>
    <album id="68f8b71b-d9b4-c77e-c7f1-e4af263bcd93" parent="00000000-0000-0000-0000-000000000000" isDir="true" name="Motorway OST" title="Motorway OST" songCount="1" duration="6"/>
    <album id="7bb81eaa-b6a7-7f1d-7624-622193088eb6" parent="00000000-0000-0000-0000-000000000000" isDir="true" name="MotorwayNested" title="MotorwayNested" songCount="1" duration="95"/>
    <album id="de32d996-8297-d3a7-16be-4ff938ff212e" parent="00000000-0000-0000-0000-000000000000" isDir="true" name="Unknown" title="Unknown" songCount="1" duration="6"/>
  </albumList>
</subsonic-response>
