---
source: beatlocker-server/tests/integration.rs
expression: res.xml_string().await
---
<subsonic-response status="ok" version="1.16.1" type="beatlocker" serverVersion="unknown">
  <playlist id="9600e0e0-145e-644d-d38f-e501a6252d79" name="Motorway OST" created="2020-02-02T00:00:00Z" public="true" song_count="1" duration="6">
    <entry id="29f7e2bb-9837-d9de-d071-8b7423b77537" parent="9600e0e0-145e-644d-d38f-e501a6252d79" isDir="false" created="2020-02-02T00:00:00Z" title="Diamond Dealers" album="Motorway (Original Motion Picture Soundtrack)" artist="Alex Gopher" track="1" year="2012" size="105424" contentType="audio/ogg" suffix="ogg" duration="6" bitRate="160" discNumber="1" albumId="60c6dd20-81d8-6ca9-5cdb-e86bebba78de" artistId="80652c62-53d1-f363-2dcb-4431fb251509" isVideo="false"/>
  </playlist>
</subsonic-response>
