---
source: beatlocker-server/tests/integration.rs
expression: res.xml_string().await
---
<subsonic-response status="ok" version="1.16.1" type="beatlocker" serverVersion="unknown">
  <playlist id="68f8b71b-d9b4-c77e-c7f1-e4af263bcd93" name="Motorway OST" created="2020-02-02T00:00:00Z" public="true" song_count="1" duration="6">
    <entry id="7b2abff8-3571-99f6-b224-56250315eb14" parent="68f8b71b-d9b4-c77e-c7f1-e4af263bcd93" isDir="false" created="2020-02-02T00:00:00Z" title="Diamond Dealers" album="Motorway (Original Motion Picture Soundtrack)" artist="Alex Gopher" track="1" year="2021" size="105424" contentType="audio/ogg" suffix="ogg" duration="6" bitRate="160" discNumber="1" albumId="cbe80ce0-eb7e-37f6-a70a-87ab0dec3ac9" artistId="c2042f2f-fbda-64e4-ff33-62bad6853d99" isVideo="false" genre="Unknown genre"/>
  </playlist>
</subsonic-response>
