---
source: beatlocker-server/tests/integration.rs
assertion_line: 281
expression: res.xml_string().await
---
<subsonic-response status="ok" version="1.16.1" type="beatlocker" serverVersion="unknown">
  <starred>
    <album id="68f8b71b-d9b4-c77e-c7f1-e4af263bcd93" parent="00000000-0000-0000-0000-000000000000" isDir="true" name="Motorway OST" title="Motorway OST" songCount="1" duration="6" starred="2020-02-02T00:00:00Z"/>
    <artist id="d094e9f8-a8e2-1737-0cfc-c4b24ab0aedf" name="Richard Bona" albumCount="1" starred="2020-02-02T00:00:00Z"/>
    <song id="9fe0fb24-dabd-4464-258b-1ab72a28aa94" parent="7bb81eaa-b6a7-7f1d-7624-622193088eb6" isDir="false" created="2020-02-02T00:00:00Z" title="Radar Unit" album="Motorway (Original Motion Picture Soundtrack)" artist="Alex Gopher" size="3502015" contentType="audio/flac" suffix="flac" duration="95" albumId="20d02390-2687-c407-2d28-d74f9fc6d5a1" artistId="c2042f2f-fbda-64e4-ff33-62bad6853d99" isVideo="false" genre="Unknown genre" starred="2020-02-02T00:00:00Z"/>
  </starred>
</subsonic-response>
