---
source: beatlocker-server/tests/integration.rs
expression: "res.json::<serde_json::Value>().await"
---
{
  "subsonic-response": {
    "ignoredArticles": "The El La Los Las Le Les Os As O A",
    "indexes": {
      "index": [
        {
          "artist": [
            {
              "albumCount": 1,
              "id": "68f8b71b-d9b4-c77e-c7f1-e4af263bcd93",
              "name": "Motorway OST"
            }
          ],
          "name": "M"
        },
        {
          "artist": [
            {
              "albumCount": 1,
              "id": "75a22ef8-9597-4c55-9be1-097d94babc31",
              "name": "Richard Bona"
            }
          ],
          "name": "R"
        },
        {
          "artist": [
            {
              "albumCount": 1,
              "id": "de32d996-8297-d3a7-16be-4ff938ff212e",
              "name": "Unknown"
            }
          ],
          "name": "U"
        }
      ]
    },
    "serverVersion": "unknown",
    "status": "ok",
    "type": "beatlocker",
    "version": "1.16.1"
  }
}
