---
source: beatlocker-server/tests/integration.rs
expression: "res.json::<serde_json::Value>().await"
---
{
  "subsonic-response": {
    "albumList": {
      "albums": [
        {
          "artist": "Alex Gopher",
          "artistId": "c2042f2f-fbda-64e4-ff33-62bad6853d99",
          "duration": 12,
          "id": "cbe80ce0-eb7e-37f6-a70a-87ab0dec3ac9",
          "isDir": true,
          "name": "Motorway (Original Motion Picture Soundtrack)",
          "parent": "00000000-0000-0000-0000-000000000000",
          "songCount": 2,
          "title": "Motorway (Original Motion Picture Soundtrack)"
        },
        {
          "artist": "Richard Bona",
          "artistId": "d094e9f8-a8e2-1737-0cfc-c4b24ab0aedf",
          "duration": 12,
          "id": "fd74105f-d1c1-923a-2924-ad93ebdf69ab",
          "isDir": true,
          "name": "Tiki",
          "parent": "00000000-0000-0000-0000-000000000000",
          "songCount": 2,
          "title": "Tiki"
        }
      ]
    },
    "serverVersion": "unknown",
    "status": "ok",
    "type": "beatlocker",
    "version": "1.16.1"
  }
}
