---
source: beatlocker-server/tests/integration.rs
expression: "res.json::<serde_json::Value>().await"
---
{
  "subsonic-response": {
    "albumList": {
      "albums": [
        {
          "artist": "Alex Gopher",
          "artistId": "be74adf7-0dfc-e5c6-e19e-0058776e90d1",
          "duration": 12,
          "id": "832e44af-9d23-c38e-34af-b7f4cf92b096",
          "isDir": true,
          "name": "Motorway (Original Motion Picture Soundtrack)",
          "parent": "00000000-0000-0000-0000-000000000000",
          "songCount": 2,
          "title": "Motorway (Original Motion Picture Soundtrack)"
        },
        {
          "artist": "Richard Bona",
          "artistId": "115dddbd-96dd-09c8-0cb6-c373d5c57ff2",
          "duration": 12,
          "id": "c9c5e1fd-c67e-a5ae-1af6-8e1bffd27f16",
          "isDir": true,
          "name": "Tiki",
          "parent": "00000000-0000-0000-0000-000000000000",
          "songCount": 2,
          "title": "Tiki"
        }
      ]
    },
    "serverVersion": "unknown",
    "status": "ok",
    "type": "beatlocker",
    "version": "1.16.1"
  }
}
