---
source: beatlocker-server/tests/integration.rs
expression: "res.json::<serde_json::Value>().await"
---
{
  "subsonic-response": {
    "searchResult3": {
      "album": [
        {
          "artist": "Alex Gopher",
          "artistId": "be74adf7-0dfc-e5c6-e19e-0058776e90d1",
          "duration": 12,
          "id": "832e44af-9d23-c38e-34af-b7f4cf92b096",
          "isDir": true,
          "name": "Motorway (Original Motion Picture Soundtrack)",
          "parent": "00000000-0000-0000-0000-000000000000",
          "songCount": 2,
          "title": "Motorway (Original Motion Picture Soundtrack)"
        },
        {
          "artist": "Richard Bona",
          "artistId": "115dddbd-96dd-09c8-0cb6-c373d5c57ff2",
          "duration": 12,
          "id": "c9c5e1fd-c67e-a5ae-1af6-8e1bffd27f16",
          "isDir": true,
          "name": "Tiki",
          "parent": "00000000-0000-0000-0000-000000000000",
          "songCount": 2,
          "title": "Tiki"
        }
      ],
      "artist": [
        {
          "albumCount": 1,
          "id": "115dddbd-96dd-09c8-0cb6-c373d5c57ff2",
          "name": "Richard Bona"
        },
        {
          "albumCount": 0,
          "id": "239bae01-0812-184a-a308-53df04bbd914",
          "name": "Unknown Artist"
        },
        {
          "albumCount": 1,
          "id": "be74adf7-0dfc-e5c6-e19e-0058776e90d1",
          "name": "Alex Gopher"
        }
      ],
      "song": [
        {
          "album": "Tiki",
          "albumId": "c9c5e1fd-c67e-a5ae-1af6-8e1bffd27f16",
          "artist": "Richard Bona",
          "artistId": "115dddbd-96dd-09c8-0cb6-c373d5c57ff2",
          "bitRate": 160,
          "contentType": "audio/ogg",
          "created": "2020-02-02T00:00:00Z",
          "discNumber": 1,
          "duration": 6,
          "genre": "Unknown genre",
          "id": "18395314-6144-a810-a281-7cd2f063fa48",
          "isDir": false,
          "isVideo": false,
          "parent": "f68bd7e1-0e30-21db-beea-aad58d2429ca",
          "size": 105385,
          "suffix": "ogg",
          "title": "Akwa Samba Yaya",
          "track": 2,
          "year": 2021
        },
        {
          "album": "Tiki",
          "albumId": "c9c5e1fd-c67e-a5ae-1af6-8e1bffd27f16",
          "artist": "Richard Bona",
          "artistId": "115dddbd-96dd-09c8-0cb6-c373d5c57ff2",
          "bitRate": 160,
          "contentType": "audio/ogg",
          "created": "2020-02-02T00:00:00Z",
          "discNumber": 1,
          "duration": 6,
          "genre": "Unknown genre",
          "id": "1568a84c-22cd-2176-ab86-c69194a9de16",
          "isDir": false,
          "isVideo": false,
          "parent": "f68bd7e1-0e30-21db-beea-aad58d2429ca",
          "size": 105378,
          "suffix": "ogg",
          "title": "Ba Senge",
          "track": 1,
          "year": 2021
        }
      ]
    },
    "serverVersion": "unknown",
    "status": "ok",
    "type": "beatlocker",
    "version": "1.16.1"
  }
}
